exports[`test renders four grid items correctly 1`] = `
<div
  className="fhHjoh">
  <div>
    1
  </div>
  <div>
    2
  </div>
  <div>
    3
  </div>
  <div>
    4
  </div>
</div>
`;

exports[`test renders two grid items correctly 1`] = `
<div
  className="fhHjoh">
  <div>
    1
  </div>
  <div>
    2
  </div>
</div>
`;
