exports[`test renders correctly 1`] = `
<div>
  <button
    className="sc-bdVaJa dxBZN"
    innerRef={undefined}
    onClick={null}>
    👆
  </button>
  <button
    className="sc-bdVaJa dxBZN"
    innerRef={undefined}
    onClick={null}>
    👇
  </button>
  <button
    className="sc-bdVaJa dxBZN"
    innerRef={undefined}
    onClick={null}>
    👋
  </button>
  <button
    className="sc-bdVaJa dxBZN"
    innerRef={undefined}
    onClick={null}>
    👀
  </button>
</div>
`;
